// Jest Snapshot v1, https://jestjs.io/docs/snapshot-testing

exports[`MinutesDocx roll call prints a committee the mayor presides, with a substitute sitting in 1`] = `
[
  "ΔΗΜΟΣ ΑΡΓΟΥΣ-ΜΥΚΗΝΩΝ",
  "Δημοτική Επιτροπή",
  "━━━━━━━━━━━━━━━━━━━━━━━━━━━━",
  "ΠΡΑΚΤΙΚΑ ΣΥΝΕΔΡΙΑΣΗΣ",
  "Τακτική Συνεδρίαση",
  "Τρίτη, 21 Ιουλίου 2026, 14:00",
  "━━━━━━━━━━━━━━━━━━━━━━━━━━━━",
  "OpenCouncil",
  "Το λειτουργικό σύστημα των συλλογικών οργάνων",
  "opencouncil.gr/argos",
  "ΠΡΟΕΔΡΟΣ: ",
  "Μαλτέζος Ιωάννης (ΔΗΜΑΡΧΟΣ)",
  "ΠΑΡΟΝΤΑ ΜΕΛΗ (4)",
  "Μαλτέζος Ιωάννης",
  " (Άργος Πρώτα)",
  "Πετσέλης Χρήστος",
  " (Άργος Πρώτα, Επικεφαλής)",
  "Λιόλιος Αντώνης",
  " (Άργος Πρώτα)",
  "Δημάκης Γιώργος",
  " (αναπλ. μέλος, Άργος Πρώτα)",
  "ΑΠΟΝΤΑ ΜΕΛΗ (1)",
  "Κολεβέντης Φώτιος",
  " (Νέα Πνοή)",
]
`;

exports[`MinutesDocx roll call prints a council with the mayor apart and the president absent 1`] = `
[
  "ΔΗΜΟΣ ΑΡΓΟΥΣ-ΜΥΚΗΝΩΝ",
  "Δημοτικό Συμβούλιο",
  "━━━━━━━━━━━━━━━━━━━━━━━━━━━━",
  "ΠΡΑΚΤΙΚΑ ΣΥΝΕΔΡΙΑΣΗΣ",
  "Τακτική Συνεδρίαση",
  "Τρίτη, 21 Ιουλίου 2026, 14:00",
  "━━━━━━━━━━━━━━━━━━━━━━━━━━━━",
  "OpenCouncil",
  "Το λειτουργικό σύστημα των συλλογικών οργάνων",
  "opencouncil.gr/argos",
  "ΔΗΜΑΡΧΟΣ: ",
  "Ρούσσος Σίμος",
  " (αποχώρησε από το 4ο θέμα)",
  "ΠΡΟΕΔΡΟΣ: ",
  "Καραγιάννη Τάνια",
  " (ΑΠΟΥΣΑ)",
  "ΣΥΝΘΕΣΗ ΔΗΜΟΤΙΚΟΥ ΣΥΜΒΟΥΛΙΟΥ (3)",
  "Καραγιάννη Τάνια",
  " (Χαλάνδρι Ανάσα)",
  "Λαμπρόπουλος Παναγιώτης",
  " (Χαλάνδρι Ανάσα, Επικεφαλής)",
  "Παπαγιαννάκη Νίκη",
  "Κατά την έναρξη της συνεδρίασης απουσίαζαν οι ",
  "Λαμπρόπουλος Παναγιώτης",
  " (1)",
]
`;
